<html>
<body>
<pre>
<h1>µVision Build Log</h1>
<h2>Tool Versions:</h2>
IDE-Version: ¦ÌVision V5.26.2.0
Copyright (C) 2018 ARM Ltd and ARM Germany GmbH. All rights reserved.
License Information: BILL GATES, MICROSOLFTWARE, LIC=9N045-G7T61-671RS-LGDFU-65JI1-0FTPH
 
Tool Versions:
Toolchain:       MDK-ARM Professional  Version: 5.26.2.0
Toolchain Path:  C:\Keil_v5\ARM\ARMCC\Bin
C Compiler:      Armcc.exe V5.06 update 6 (build 750)
Assembler:       Armasm.exe V5.06 update 6 (build 750)
Linker/Locator:  ArmLink.exe V5.06 update 6 (build 750)
Library Manager: ArmAr.exe V5.06 update 6 (build 750)
Hex Converter:   FromElf.exe V5.06 update 6 (build 750)
CPU DLL:         SARMCM3.DLL V5.26.2.0
Dialog DLL:      DCM.DLL V1.17.2.0
Target DLL:      Segger\JL2CM3.dll V2.99.31.0
Dialog DLL:      TCM.DLL V1.36.1.0
 
<h2>Project:</h2>
D:\workproject\JZI\project\PeiwangDRONE\PXFlowCode - SD - USB-LIDAR\Proj\PxflowProj.uvprojx
Project File Date:  12/02/2019

<h2>Output:</h2>
*** Using Compiler 'V5.06 update 6 (build 750)', folder: 'C:\Keil_v5\ARM\ARMCC\Bin'
Build target 'Pxflow'
compiling data_process.c...
compiling main.c...
main.c(17): warning:  #177-D: variable "iwdog_flag"  was declared but never referenced
  	uint8_t iwdog_flag = 0,micro_sec_cnt = 0;
main.c: 1 warning, 0 errors
compiling gps.c...
linking...
Program Size: Code=71806 RO-data=179746 RW-data=1204 ZI-data=98668  
FromELF: creating hex file...
After Build - User command #1: "C:\Keil_v5\ARM\ARMCC\bin\fromelf.exe"  --bin -o ..\Proj\Objects\PxflowProj.bin ..\Proj\Objects\PxflowProj.axf
".\Objects\PxflowProj.axf" - 0 Error(s), 1 Warning(s).

<h2>Software Packages used:</h2>

Package Vendor: Keil
                http://www.keil.com/pack/Keil.STM32F4xx_DFP.2.13.0.pack
                Keil.STM32F4xx_DFP.2.13.0
                STMicroelectronics STM32F4 Series Device Support, Drivers and Examples

<h2>Collection of Component include folders:</h2>
  .\RTE\_Pxflow
  C:\Keil_v5\ARM\PACK\Keil\STM32F4xx_DFP\2.13.0\Drivers\CMSIS\Device\ST\STM32F4xx\Include

<h2>Collection of Component Files used:</h2>
Build Time Elapsed:  00:00:03
</pre>
</body>
</html>
